I'm sorry, but errors were detected in your script. Please correct the
errors listed below, and try again.


File "game/script.rpy", line 19: invalid syntax
    player_name = renpy.input("Please enter the protagonist's name: ", length = 32 exclude = "0123456789+=,.?!{}[]()<>[ ]")
                                                                                    ^

Ren'Py Version: Ren'Py 8.2.1.24030407
Wed Apr 10 10:57:01 2024
